[id.hollywoodbets.net/indexf8f4.html]
[backblue.gif]
[fade.gif]
[index.html]
[id.hollywoodbets.net/ruxitagentjs_ICANVfqru_10313250422105919.js]
[cdn.jsdelivr.net/npm/bootstrap-icons@1.10.5/font/bootstrap-icons.css]
[id.hollywoodbets.net/css/outputc0ac.css]
[id.hollywoodbets.net/css/custom6ec4.css]
[id.hollywoodbets.net/favicon.ico]
[id.hollywoodbets.net/images/hollywoodbets-logo.svg]
[id.hollywoodbets.net/images/premium/hwb-logo.png]
[id.hollywoodbets.net/indexf8f4.html]
[id.hollywoodbets.net/js/iovation.js]
[cdn.jsdelivr.net/npm/bootstrap-icons@1.10.5/font/fonts/bootstrap-iconse52a.woff2]
[cdn.jsdelivr.net/npm/bootstrap-icons@1.10.5/font/fonts/bootstrap-iconse52a.woff]
[cdn.jsdelivr.net/npm/bootstrap-icons@1.10.5/font/bootstrap-icons.css]
[id.hollywoodbets.net/css/outputc0ac.css]
[id.hollywoodbets.net/images/bg-full.png]
[id.hollywoodbets.net/images/bg-medium.png]
[id.hollywoodbets.net/images/bg-640.png]
[id.hollywoodbets.net/images/bg-768.png]
[id.hollywoodbets.net/images/bg-1280.png]
[id.hollywoodbets.net/images/bg-1536.png]
[id.hollywoodbets.net/images/premium/premium-bg-full.png]
[id.hollywoodbets.net/images/premium/premium-bg-small.png]
[id.hollywoodbets.net/images/betfair/logo.png]
[id.hollywoodbets.net/images/betfair/bg-medium.png]
[id.hollywoodbets.net/images/cape-racing/cape-racing-logo.png]
[id.hollywoodbets.net/images/cape-racing/bg-full.png]
[id.hollywoodbets.net/images/cape-racing/bg-medium.png]
[id.hollywoodbets.net/css/custom6ec4.css]
[id.hollywoodbets.net/images/hollywoodbets-logo.svg]
[id.hollywoodbets.net/index1cdf.html]
[id.hollywoodbets.net/ResetOption/index10be.html]
[id.hollywoodbets.net/images/betfair/bg-1536.html]
[id.hollywoodbets.net/images/luckyfish/luckyfish-background.html]
[id.hollywoodbets.net/images/luckyfish/luckyfish-background-sm.html]
[id.hollywoodbets.net/ResetOption/index10be.html]
